// Jest Snapshot v1, https://goo.gl/fbAQLP

exports[`renders without crashing 1`] = `
<div
  className="App-App-0-1-1"
>
  <header>
    Header
  </header>
  <div>
    Que ce passe-t-il dans ta tete?
  </div>
  <footer>
    Footer
  </footer>
</div>
`;
